2026-05-25 00:07:22 INFO  AbstractLangProcessor: - Start parsing files...
2026-05-25 00:07:31 INFO  AbstractLangProcessor: - Resolve types and bindings of variables, methods and expressions.... /Users/timm/gits/timm/icse27theories/data/helix/git_repo/helix-core/src/main/java
2026-05-25 00:07:31 INFO  AbstractLangProcessor: - Heap Information: init = 8388608(8192K) used = 246503448(240726K) committed = 517996544(505856K) max = 4294967296(4194304K)
2026-05-25 00:07:31 INFO  IBindingResolver: - Resolve type bindings...
2026-05-25 00:07:32 INFO  IBindingResolver: - Dependency analaysing...
2026-05-25 00:07:32 INFO  IBindingResolver: - Heap Information: init = 8388608(8192K) used = 75420504(73652K) committed = 517996544(505856K) max = 4294967296(4194304K)
2026-05-25 00:07:32 INFO  AbstractLangProcessor: - Heap Information: init = 8388608(8192K) used = 38428496(37527K) committed = 155189248(151552K) max = 4294967296(4194304K)
2026-05-25 00:07:35 INFO  DependencyGenerator: - Dependencies data generating done successfully...
2026-05-25 00:07:47 INFO  AbstractLangProcessor: - Start parsing files...
2026-05-25 00:07:57 INFO  AbstractLangProcessor: - Resolve types and bindings of variables, methods and expressions.... /Users/timm/gits/timm/icse27theories/data/helix/git_repo/helix-core/src/main/java
2026-05-25 00:07:57 INFO  AbstractLangProcessor: - Heap Information: init = 8388608(8192K) used = 521078672(508865K) committed = 853540864(833536K) max = 4294967296(4194304K)
2026-05-25 00:07:57 INFO  IBindingResolver: - Resolve type bindings...
2026-05-25 00:07:57 INFO  IBindingResolver: - Dependency analaysing...
2026-05-25 00:07:57 INFO  IBindingResolver: - Heap Information: init = 8388608(8192K) used = 159533248(155794K) committed = 853540864(833536K) max = 4294967296(4194304K)
2026-05-25 00:07:58 INFO  AbstractLangProcessor: - Heap Information: init = 8388608(8192K) used = 38453232(37551K) committed = 161480704(157696K) max = 4294967296(4194304K)
2026-05-25 00:08:01 INFO  DependencyGenerator: - Dependencies data generating done successfully...
2026-05-25 00:08:26 INFO  AbstractLangProcessor: - Start parsing files...
2026-05-25 00:08:33 INFO  AbstractLangProcessor: - Resolve types and bindings of variables, methods and expressions.... /Users/timm/gits/timm/icse27theories/data/helix/git_repo/helix-core/src/main/java
2026-05-25 00:08:33 INFO  AbstractLangProcessor: - Heap Information: init = 8388608(8192K) used = 133554640(130424K) committed = 396361728(387072K) max = 4294967296(4194304K)
2026-05-25 00:08:33 INFO  IBindingResolver: - Resolve type bindings...
2026-05-25 00:08:33 INFO  IBindingResolver: - Dependency analaysing...
2026-05-25 00:08:33 INFO  IBindingResolver: - Heap Information: init = 8388608(8192K) used = 45467672(44402K) committed = 396361728(387072K) max = 4294967296(4194304K)
2026-05-25 00:08:33 INFO  AbstractLangProcessor: - Heap Information: init = 8388608(8192K) used = 38153424(37259K) committed = 146800640(143360K) max = 4294967296(4194304K)
2026-05-25 00:08:37 INFO  DependencyGenerator: - Dependencies data generating done successfully...
